Archive member included because of file (symbol)

c:/program files (x86)/atmel/atmel toolchain/avr8 gcc/native/3.4.1061/avr8-gnu-toolchain/bin/../lib/gcc/avr/4.8.1/../../../../avr/lib/avr5\libm.a(addsf3.o)
                              MCAL/USART/USART_File.o (__subsf3)
c:/program files (x86)/atmel/atmel toolchain/avr8 gcc/native/3.4.1061/avr8-gnu-toolchain/bin/../lib/gcc/avr/4.8.1/../../../../avr/lib/avr5\libm.a(addsf3x.o)
                              c:/program files (x86)/atmel/atmel toolchain/avr8 gcc/native/3.4.1061/avr8-gnu-toolchain/bin/../lib/gcc/avr/4.8.1/../../../../avr/lib/avr5\libm.a(addsf3.o) (__addsf3x)
c:/program files (x86)/atmel/atmel toolchain/avr8 gcc/native/3.4.1061/avr8-gnu-toolchain/bin/../lib/gcc/avr/4.8.1/../../../../avr/lib/avr5\libm.a(divsf3.o)
                              MCAL/USART/USART_File.o (__divsf3)
c:/program files (x86)/atmel/atmel toolchain/avr8 gcc/native/3.4.1061/avr8-gnu-toolchain/bin/../lib/gcc/avr/4.8.1/../../../../avr/lib/avr5\libm.a(divsf3x.o)
                              c:/program files (x86)/atmel/atmel toolchain/avr8 gcc/native/3.4.1061/avr8-gnu-toolchain/bin/../lib/gcc/avr/4.8.1/../../../../avr/lib/avr5\libm.a(divsf3.o) (__divsf3x)
c:/program files (x86)/atmel/atmel toolchain/avr8 gcc/native/3.4.1061/avr8-gnu-toolchain/bin/../lib/gcc/avr/4.8.1/../../../../avr/lib/avr5\libm.a(fixunssfsi.o)
                              MCAL/USART/USART_File.o (__fixunssfsi)
c:/program files (x86)/atmel/atmel toolchain/avr8 gcc/native/3.4.1061/avr8-gnu-toolchain/bin/../lib/gcc/avr/4.8.1/../../../../avr/lib/avr5\libm.a(floatsisf.o)
                              MCAL/USART/USART_File.o (__floatunsisf)
c:/program files (x86)/atmel/atmel toolchain/avr8 gcc/native/3.4.1061/avr8-gnu-toolchain/bin/../lib/gcc/avr/4.8.1/../../../../avr/lib/avr5\libm.a(fp_inf.o)
                              c:/program files (x86)/atmel/atmel toolchain/avr8 gcc/native/3.4.1061/avr8-gnu-toolchain/bin/../lib/gcc/avr/4.8.1/../../../../avr/lib/avr5\libm.a(addsf3x.o) (__fp_inf)
c:/program files (x86)/atmel/atmel toolchain/avr8 gcc/native/3.4.1061/avr8-gnu-toolchain/bin/../lib/gcc/avr/4.8.1/../../../../avr/lib/avr5\libm.a(fp_nan.o)
                              c:/program files (x86)/atmel/atmel toolchain/avr8 gcc/native/3.4.1061/avr8-gnu-toolchain/bin/../lib/gcc/avr/4.8.1/../../../../avr/lib/avr5\libm.a(addsf3x.o) (__fp_nan)
c:/program files (x86)/atmel/atmel toolchain/avr8 gcc/native/3.4.1061/avr8-gnu-toolchain/bin/../lib/gcc/avr/4.8.1/../../../../avr/lib/avr5\libm.a(fp_pscA.o)
                              c:/program files (x86)/atmel/atmel toolchain/avr8 gcc/native/3.4.1061/avr8-gnu-toolchain/bin/../lib/gcc/avr/4.8.1/../../../../avr/lib/avr5\libm.a(addsf3x.o) (__fp_pscA)
c:/program files (x86)/atmel/atmel toolchain/avr8 gcc/native/3.4.1061/avr8-gnu-toolchain/bin/../lib/gcc/avr/4.8.1/../../../../avr/lib/avr5\libm.a(fp_pscB.o)
                              c:/program files (x86)/atmel/atmel toolchain/avr8 gcc/native/3.4.1061/avr8-gnu-toolchain/bin/../lib/gcc/avr/4.8.1/../../../../avr/lib/avr5\libm.a(addsf3x.o) (__fp_pscB)
c:/program files (x86)/atmel/atmel toolchain/avr8 gcc/native/3.4.1061/avr8-gnu-toolchain/bin/../lib/gcc/avr/4.8.1/../../../../avr/lib/avr5\libm.a(fp_round.o)
                              c:/program files (x86)/atmel/atmel toolchain/avr8 gcc/native/3.4.1061/avr8-gnu-toolchain/bin/../lib/gcc/avr/4.8.1/../../../../avr/lib/avr5\libm.a(addsf3.o) (__fp_round)
c:/program files (x86)/atmel/atmel toolchain/avr8 gcc/native/3.4.1061/avr8-gnu-toolchain/bin/../lib/gcc/avr/4.8.1/../../../../avr/lib/avr5\libm.a(fp_split3.o)
                              c:/program files (x86)/atmel/atmel toolchain/avr8 gcc/native/3.4.1061/avr8-gnu-toolchain/bin/../lib/gcc/avr/4.8.1/../../../../avr/lib/avr5\libm.a(addsf3x.o) (__fp_split3)
c:/program files (x86)/atmel/atmel toolchain/avr8 gcc/native/3.4.1061/avr8-gnu-toolchain/bin/../lib/gcc/avr/4.8.1/../../../../avr/lib/avr5\libm.a(fp_zero.o)
                              c:/program files (x86)/atmel/atmel toolchain/avr8 gcc/native/3.4.1061/avr8-gnu-toolchain/bin/../lib/gcc/avr/4.8.1/../../../../avr/lib/avr5\libm.a(addsf3x.o) (__fp_zero)
c:/program files (x86)/atmel/atmel toolchain/avr8 gcc/native/3.4.1061/avr8-gnu-toolchain/bin/../lib/gcc/avr/4.8.1/../../../../avr/lib/avr5\libm.a(mulsf3.o)
                              MCAL/USART/USART_File.o (__mulsf3)
c:/program files (x86)/atmel/atmel toolchain/avr8 gcc/native/3.4.1061/avr8-gnu-toolchain/bin/../lib/gcc/avr/4.8.1/../../../../avr/lib/avr5\libm.a(mulsf3x.o)
                              c:/program files (x86)/atmel/atmel toolchain/avr8 gcc/native/3.4.1061/avr8-gnu-toolchain/bin/../lib/gcc/avr/4.8.1/../../../../avr/lib/avr5\libm.a(mulsf3.o) (__mulsf3x)
c:/program files (x86)/atmel/atmel toolchain/avr8 gcc/native/3.4.1061/avr8-gnu-toolchain/bin/../lib/gcc/avr/4.8.1/avr5\libgcc.a(_exit.o)
                              c:/program files (x86)/atmel/atmel toolchain/avr8 gcc/native/3.4.1061/avr8-gnu-toolchain/bin/../lib/gcc/avr/4.8.1/../../../../avr/lib/avr5/crtm32.o (exit)
c:/program files (x86)/atmel/atmel toolchain/avr8 gcc/native/3.4.1061/avr8-gnu-toolchain/bin/../lib/gcc/avr/4.8.1/avr5\libgcc.a(_tablejump.o)
                              MCAL/Timers/Timer0.o (__tablejump2__)
c:/program files (x86)/atmel/atmel toolchain/avr8 gcc/native/3.4.1061/avr8-gnu-toolchain/bin/../lib/gcc/avr/4.8.1/avr5\libgcc.a(_copy_data.o)
                              APP/APP_1.o (__do_copy_data)
c:/program files (x86)/atmel/atmel toolchain/avr8 gcc/native/3.4.1061/avr8-gnu-toolchain/bin/../lib/gcc/avr/4.8.1/avr5\libgcc.a(_clear_bss.o)
                              APP/APP_1.o (__do_clear_bss)

Allocating common symbols
Common symbol       size              file

USART0              0xc               MCAL/USART/USART_File.o
keypad_Read_Value   0x1               APP/APP_1.o

Discarded input sections

 .data          0x00000000        0x0 c:/program files (x86)/atmel/atmel toolchain/avr8 gcc/native/3.4.1061/avr8-gnu-toolchain/bin/../lib/gcc/avr/4.8.1/../../../../avr/lib/avr5/crtm32.o
 .bss           0x00000000        0x0 c:/program files (x86)/atmel/atmel toolchain/avr8 gcc/native/3.4.1061/avr8-gnu-toolchain/bin/../lib/gcc/avr/4.8.1/../../../../avr/lib/avr5/crtm32.o
 .text          0x00000000        0x0 APP/APP_1.o
 .data          0x00000000        0x0 APP/APP_1.o
 .bss           0x00000000        0x0 APP/APP_1.o
 .text          0x00000000        0x0 APP/AVR_1.o
 .data          0x00000000        0x0 APP/AVR_1.o
 .bss           0x00000000        0x0 APP/AVR_1.o
 .text          0x00000000        0x0 HAL/Buttons/Push Button.o
 .data          0x00000000        0x0 HAL/Buttons/Push Button.o
 .bss           0x00000000        0x0 HAL/Buttons/Push Button.o
 .text.Butt_Switch_init
                0x00000000       0x2e HAL/Buttons/Push Button.o
 .text.Butt_Switch_Read
                0x00000000       0x64 HAL/Buttons/Push Button.o
 .bss.Button_Default_State
                0x00000000        0x1 HAL/Buttons/Push Button.o
 .debug_info    0x00000000      0x348 HAL/Buttons/Push Button.o
 .debug_abbrev  0x00000000      0x196 HAL/Buttons/Push Button.o
 .debug_loc     0x00000000      0x16e HAL/Buttons/Push Button.o
 .debug_aranges
                0x00000000       0x28 HAL/Buttons/Push Button.o
 .debug_ranges  0x00000000       0x18 HAL/Buttons/Push Button.o
 .debug_line    0x00000000      0x1b3 HAL/Buttons/Push Button.o
 .debug_str     0x00000000      0x38d HAL/Buttons/Push Button.o
 .comment       0x00000000       0x31 HAL/Buttons/Push Button.o
 .debug_frame   0x00000000       0x50 HAL/Buttons/Push Button.o
 .text          0x00000000        0x0 HAL/Keypad/Keypad.o
 .data          0x00000000        0x0 HAL/Keypad/Keypad.o
 .bss           0x00000000        0x0 HAL/Keypad/Keypad.o
 .text          0x00000000        0x0 HAL/LCD/LCD.o
 .data          0x00000000        0x0 HAL/LCD/LCD.o
 .bss           0x00000000        0x0 HAL/LCD/LCD.o
 .text.Set_Enable_Bit
                0x00000000       0x32 HAL/LCD/LCD.o
 .text.Send_Command_LCD
                0x00000000       0x48 HAL/LCD/LCD.o
 .text.LCD_Init
                0x00000000       0x98 HAL/LCD/LCD.o
 .text.Send_char_LCD
                0x00000000       0x48 HAL/LCD/LCD.o
 .text.Move_Curser_LCD
                0x00000000       0x36 HAL/LCD/LCD.o
 .text.Clear_LCD
                0x00000000       0x14 HAL/LCD/LCD.o
 .text.Send_String_LCD
                0x00000000       0x1e HAL/LCD/LCD.o
 .debug_info    0x00000000      0x829 HAL/LCD/LCD.o
 .debug_abbrev  0x00000000      0x1f6 HAL/LCD/LCD.o
 .debug_loc     0x00000000      0x1db HAL/LCD/LCD.o
 .debug_aranges
                0x00000000       0x50 HAL/LCD/LCD.o
 .debug_ranges  0x00000000       0x40 HAL/LCD/LCD.o
 .debug_line    0x00000000      0x258 HAL/LCD/LCD.o
 .debug_str     0x00000000      0x379 HAL/LCD/LCD.o
 .comment       0x00000000       0x31 HAL/LCD/LCD.o
 .debug_frame   0x00000000       0xa0 HAL/LCD/LCD.o
 .text          0x00000000        0x0 HAL/LED/LED.o
 .data          0x00000000        0x0 HAL/LED/LED.o
 .bss           0x00000000        0x0 HAL/LED/LED.o
 .text.Led_Start
                0x00000000       0x32 HAL/LED/LED.o
 .text.Led_Get_State
                0x00000000        0xe HAL/LED/LED.o
 .text.Led_State_Control
                0x00000000       0x12 HAL/LED/LED.o
 .text.Led_Toggle
                0x00000000        0xe HAL/LED/LED.o
 .text.Led_Stop_FW
                0x00000000       0x10 HAL/LED/LED.o
 .text.Led_Stop_REV
                0x00000000       0x10 HAL/LED/LED.o
 .debug_info    0x00000000      0x3c7 HAL/LED/LED.o
 .debug_abbrev  0x00000000      0x156 HAL/LED/LED.o
 .debug_loc     0x00000000      0x15b HAL/LED/LED.o
 .debug_aranges
                0x00000000       0x48 HAL/LED/LED.o
 .debug_ranges  0x00000000       0x38 HAL/LED/LED.o
 .debug_line    0x00000000       0xe2 HAL/LED/LED.o
 .debug_str     0x00000000      0x359 HAL/LED/LED.o
 .comment       0x00000000       0x31 HAL/LED/LED.o
 .debug_frame   0x00000000       0x88 HAL/LED/LED.o
 .text          0x00000000        0x0 MCAL/DIO/GPIO.o
 .data          0x00000000        0x0 MCAL/DIO/GPIO.o
 .bss           0x00000000        0x0 MCAL/DIO/GPIO.o
 .text.GPIO_Pin_Toggle
                0x00000000       0x1e MCAL/DIO/GPIO.o
 .text.GPIO_Port_Configuration
                0x00000000        0x6 MCAL/DIO/GPIO.o
 .text.GPIO_Port_Write
                0x00000000        0x6 MCAL/DIO/GPIO.o
 .text.GPIO_Port_Read
                0x00000000        0x6 MCAL/DIO/GPIO.o
 .text.GPIO_Write_High_Nibble
                0x00000000       0x4a MCAL/DIO/GPIO.o
 .text.GPIO_Write_Low_Nibble
                0x00000000       0x4a MCAL/DIO/GPIO.o
 .text.GPIO_Pin_Enable_PULLUP_RES
                0x00000000        0x2 MCAL/DIO/GPIO.o
 .text          0x00000000        0x0 MCAL/Interrupts/Interrupt.o
 .data          0x00000000        0x0 MCAL/Interrupts/Interrupt.o
 .bss           0x00000000        0x0 MCAL/Interrupts/Interrupt.o
 .text.EXTINT_InterruptInit
                0x00000000       0xca MCAL/Interrupts/Interrupt.o
 .text          0x00000000        0x0 MCAL/Timers/Timer0.o
 .data          0x00000000        0x0 MCAL/Timers/Timer0.o
 .bss           0x00000000        0x0 MCAL/Timers/Timer0.o
 .text.Timer0_OverFlow_Callback
                0x00000000        0xe MCAL/Timers/Timer0.o
 .text.Timer0_CompareMatch_Callback
                0x00000000        0xe MCAL/Timers/Timer0.o
 .text.Timer2_OverFlow_Callback
                0x00000000        0xe MCAL/Timers/Timer0.o
 .text.Timer2_CompareMatch_Callback
                0x00000000        0xe MCAL/Timers/Timer0.o
 .text.TIMER_Init
                0x00000000      0x1dc MCAL/Timers/Timer0.o
 .progmem.gcc_sw_table.TIMER_Init
                0x00000000       0x4a MCAL/Timers/Timer0.o
 .text.TIMER_Delay
                0x00000000       0x2e MCAL/Timers/Timer0.o
 .text          0x00000000        0x0 MCAL/USART/USART_File.o
 .data          0x00000000        0x0 MCAL/USART/USART_File.o
 .bss           0x00000000        0x0 MCAL/USART/USART_File.o
 .text.USART_RXC_Complete_Callback
                0x00000000        0xe MCAL/USART/USART_File.o
 .text.USART_TXC_Complete_Callback
                0x00000000        0xe MCAL/USART/USART_File.o
 .text.USART_UDRE_Callback
                0x00000000        0xe MCAL/USART/USART_File.o
 .text.USART_Send_LCD_Command
                0x00000000        0x2 MCAL/USART/USART_File.o
 .text.USART_Send_ByteOfData_NonBlocking
                0x00000000       0x20 MCAL/USART/USART_File.o
 .text.USART_Receive_ByteOfData_Blocking
                0x00000000       0x60 MCAL/USART/USART_File.o
 .text.USART_Receive_ByteOfData_NonBlocking
                0x00000000       0x66 MCAL/USART/USART_File.o
 .text          0x00000000        0x0 c:/program files (x86)/atmel/atmel toolchain/avr8 gcc/native/3.4.1061/avr8-gnu-toolchain/bin/../lib/gcc/avr/4.8.1/../../../../avr/lib/avr5\libm.a(addsf3.o)
 .data          0x00000000        0x0 c:/program files (x86)/atmel/atmel toolchain/avr8 gcc/native/3.4.1061/avr8-gnu-toolchain/bin/../lib/gcc/avr/4.8.1/../../../../avr/lib/avr5\libm.a(addsf3.o)
 .bss           0x00000000        0x0 c:/program files (x86)/atmel/atmel toolchain/avr8 gcc/native/3.4.1061/avr8-gnu-toolchain/bin/../lib/gcc/avr/4.8.1/../../../../avr/lib/avr5\libm.a(addsf3.o)
 .text          0x00000000        0x0 c:/program files (x86)/atmel/atmel toolchain/avr8 gcc/native/3.4.1061/avr8-gnu-toolchain/bin/../lib/gcc/avr/4.8.1/../../../../avr/lib/avr5\libm.a(addsf3x.o)
 .data          0x00000000        0x0 c:/program files (x86)/atmel/atmel toolchain/avr8 gcc/native/3.4.1061/avr8-gnu-toolchain/bin/../lib/gcc/avr/4.8.1/../../../../avr/lib/avr5\libm.a(addsf3x.o)
 .bss           0x00000000        0x0 c:/program files (x86)/atmel/atmel toolchain/avr8 gcc/native/3.4.1061/avr8-gnu-toolchain/bin/../lib/gcc/avr/4.8.1/../../../../avr/lib/avr5\libm.a(addsf3x.o)
 .text          0x00000000        0x0 c:/program files (x86)/atmel/atmel toolchain/avr8 gcc/native/3.4.1061/avr8-gnu-toolchain/bin/../lib/gcc/avr/4.8.1/../../../../avr/lib/avr5\libm.a(divsf3.o)
 .data          0x00000000        0x0 c:/program files (x86)/atmel/atmel toolchain/avr8 gcc/native/3.4.1061/avr8-gnu-toolchain/bin/../lib/gcc/avr/4.8.1/../../../../avr/lib/avr5\libm.a(divsf3.o)
 .bss           0x00000000        0x0 c:/program files (x86)/atmel/atmel toolchain/avr8 gcc/native/3.4.1061/avr8-gnu-toolchain/bin/../lib/gcc/avr/4.8.1/../../../../avr/lib/avr5\libm.a(divsf3.o)
 .text          0x00000000        0x0 c:/program files (x86)/atmel/atmel toolchain/avr8 gcc/native/3.4.1061/avr8-gnu-toolchain/bin/../lib/gcc/avr/4.8.1/../../../../avr/lib/avr5\libm.a(divsf3x.o)
 .data          0x00000000        0x0 c:/program files (x86)/atmel/atmel toolchain/avr8 gcc/native/3.4.1061/avr8-gnu-toolchain/bin/../lib/gcc/avr/4.8.1/../../../../avr/lib/avr5\libm.a(divsf3x.o)
 .bss           0x00000000        0x0 c:/program files (x86)/atmel/atmel toolchain/avr8 gcc/native/3.4.1061/avr8-gnu-toolchain/bin/../lib/gcc/avr/4.8.1/../../../../avr/lib/avr5\libm.a(divsf3x.o)
 .text          0x00000000        0x0 c:/program files (x86)/atmel/atmel toolchain/avr8 gcc/native/3.4.1061/avr8-gnu-toolchain/bin/../lib/gcc/avr/4.8.1/../../../../avr/lib/avr5\libm.a(fixunssfsi.o)
 .data          0x00000000        0x0 c:/program files (x86)/atmel/atmel toolchain/avr8 gcc/native/3.4.1061/avr8-gnu-toolchain/bin/../lib/gcc/avr/4.8.1/../../../../avr/lib/avr5\libm.a(fixunssfsi.o)
 .bss           0x00000000        0x0 c:/program files (x86)/atmel/atmel toolchain/avr8 gcc/native/3.4.1061/avr8-gnu-toolchain/bin/../lib/gcc/avr/4.8.1/../../../../avr/lib/avr5\libm.a(fixunssfsi.o)
 .text          0x00000000        0x0 c:/program files (x86)/atmel/atmel toolchain/avr8 gcc/native/3.4.1061/avr8-gnu-toolchain/bin/../lib/gcc/avr/4.8.1/../../../../avr/lib/avr5\libm.a(floatsisf.o)
 .data          0x00000000        0x0 c:/program files (x86)/atmel/atmel toolchain/avr8 gcc/native/3.4.1061/avr8-gnu-toolchain/bin/../lib/gcc/avr/4.8.1/../../../../avr/lib/avr5\libm.a(floatsisf.o)
 .bss           0x00000000        0x0 c:/program files (x86)/atmel/atmel toolchain/avr8 gcc/native/3.4.1061/avr8-gnu-toolchain/bin/../lib/gcc/avr/4.8.1/../../../../avr/lib/avr5\libm.a(floatsisf.o)
 .text          0x00000000        0x0 c:/program files (x86)/atmel/atmel toolchain/avr8 gcc/native/3.4.1061/avr8-gnu-toolchain/bin/../lib/gcc/avr/4.8.1/../../../../avr/lib/avr5\libm.a(fp_inf.o)
 .data          0x00000000        0x0 c:/program files (x86)/atmel/atmel toolchain/avr8 gcc/native/3.4.1061/avr8-gnu-toolchain/bin/../lib/gcc/avr/4.8.1/../../../../avr/lib/avr5\libm.a(fp_inf.o)
 .bss           0x00000000        0x0 c:/program files (x86)/atmel/atmel toolchain/avr8 gcc/native/3.4.1061/avr8-gnu-toolchain/bin/../lib/gcc/avr/4.8.1/../../../../avr/lib/avr5\libm.a(fp_inf.o)
 .text          0x00000000        0x0 c:/program files (x86)/atmel/atmel toolchain/avr8 gcc/native/3.4.1061/avr8-gnu-toolchain/bin/../lib/gcc/avr/4.8.1/../../../../avr/lib/avr5\libm.a(fp_nan.o)
 .data          0x00000000        0x0 c:/program files (x86)/atmel/atmel toolchain/avr8 gcc/native/3.4.1061/avr8-gnu-toolchain/bin/../lib/gcc/avr/4.8.1/../../../../avr/lib/avr5\libm.a(fp_nan.o)
 .bss           0x00000000        0x0 c:/program files (x86)/atmel/atmel toolchain/avr8 gcc/native/3.4.1061/avr8-gnu-toolchain/bin/../lib/gcc/avr/4.8.1/../../../../avr/lib/avr5\libm.a(fp_nan.o)
 .text          0x00000000        0x0 c:/program files (x86)/atmel/atmel toolchain/avr8 gcc/native/3.4.1061/avr8-gnu-toolchain/bin/../lib/gcc/avr/4.8.1/../../../../avr/lib/avr5\libm.a(fp_pscA.o)
 .data          0x00000000        0x0 c:/program files (x86)/atmel/atmel toolchain/avr8 gcc/native/3.4.1061/avr8-gnu-toolchain/bin/../lib/gcc/avr/4.8.1/../../../../avr/lib/avr5\libm.a(fp_pscA.o)
 .bss           0x00000000        0x0 c:/program files (x86)/atmel/atmel toolchain/avr8 gcc/native/3.4.1061/avr8-gnu-toolchain/bin/../lib/gcc/avr/4.8.1/../../../../avr/lib/avr5\libm.a(fp_pscA.o)
 .text          0x00000000        0x0 c:/program files (x86)/atmel/atmel toolchain/avr8 gcc/native/3.4.1061/avr8-gnu-toolchain/bin/../lib/gcc/avr/4.8.1/../../../../avr/lib/avr5\libm.a(fp_pscB.o)
 .data          0x00000000        0x0 c:/program files (x86)/atmel/atmel toolchain/avr8 gcc/native/3.4.1061/avr8-gnu-toolchain/bin/../lib/gcc/avr/4.8.1/../../../../avr/lib/avr5\libm.a(fp_pscB.o)
 .bss           0x00000000        0x0 c:/program files (x86)/atmel/atmel toolchain/avr8 gcc/native/3.4.1061/avr8-gnu-toolchain/bin/../lib/gcc/avr/4.8.1/../../../../avr/lib/avr5\libm.a(fp_pscB.o)
 .text          0x00000000        0x0 c:/program files (x86)/atmel/atmel toolchain/avr8 gcc/native/3.4.1061/avr8-gnu-toolchain/bin/../lib/gcc/avr/4.8.1/../../../../avr/lib/avr5\libm.a(fp_round.o)
 .data          0x00000000        0x0 c:/program files (x86)/atmel/atmel toolchain/avr8 gcc/native/3.4.1061/avr8-gnu-toolchain/bin/../lib/gcc/avr/4.8.1/../../../../avr/lib/avr5\libm.a(fp_round.o)
 .bss           0x00000000        0x0 c:/program files (x86)/atmel/atmel toolchain/avr8 gcc/native/3.4.1061/avr8-gnu-toolchain/bin/../lib/gcc/avr/4.8.1/../../../../avr/lib/avr5\libm.a(fp_round.o)
 .text          0x00000000        0x0 c:/program files (x86)/atmel/atmel toolchain/avr8 gcc/native/3.4.1061/avr8-gnu-toolchain/bin/../lib/gcc/avr/4.8.1/../../../../avr/lib/avr5\libm.a(fp_split3.o)
 .data          0x00000000        0x0 c:/program files (x86)/atmel/atmel toolchain/avr8 gcc/native/3.4.1061/avr8-gnu-toolchain/bin/../lib/gcc/avr/4.8.1/../../../../avr/lib/avr5\libm.a(fp_split3.o)
 .bss           0x00000000        0x0 c:/program files (x86)/atmel/atmel toolchain/avr8 gcc/native/3.4.1061/avr8-gnu-toolchain/bin/../lib/gcc/avr/4.8.1/../../../../avr/lib/avr5\libm.a(fp_split3.o)
 .text          0x00000000        0x0 c:/program files (x86)/atmel/atmel toolchain/avr8 gcc/native/3.4.1061/avr8-gnu-toolchain/bin/../lib/gcc/avr/4.8.1/../../../../avr/lib/avr5\libm.a(fp_zero.o)
 .data          0x00000000        0x0 c:/program files (x86)/atmel/atmel toolchain/avr8 gcc/native/3.4.1061/avr8-gnu-toolchain/bin/../lib/gcc/avr/4.8.1/../../../../avr/lib/avr5\libm.a(fp_zero.o)
 .bss           0x00000000        0x0 c:/program files (x86)/atmel/atmel toolchain/avr8 gcc/native/3.4.1061/avr8-gnu-toolchain/bin/../lib/gcc/avr/4.8.1/../../../../avr/lib/avr5\libm.a(fp_zero.o)
 .text          0x00000000        0x0 c:/program files (x86)/atmel/atmel toolchain/avr8 gcc/native/3.4.1061/avr8-gnu-toolchain/bin/../lib/gcc/avr/4.8.1/../../../../avr/lib/avr5\libm.a(mulsf3.o)
 .data          0x00000000        0x0 c:/program files (x86)/atmel/atmel toolchain/avr8 gcc/native/3.4.1061/avr8-gnu-toolchain/bin/../lib/gcc/avr/4.8.1/../../../../avr/lib/avr5\libm.a(mulsf3.o)
 .bss           0x00000000        0x0 c:/program files (x86)/atmel/atmel toolchain/avr8 gcc/native/3.4.1061/avr8-gnu-toolchain/bin/../lib/gcc/avr/4.8.1/../../../../avr/lib/avr5\libm.a(mulsf3.o)
 .text          0x00000000        0x0 c:/program files (x86)/atmel/atmel toolchain/avr8 gcc/native/3.4.1061/avr8-gnu-toolchain/bin/../lib/gcc/avr/4.8.1/../../../../avr/lib/avr5\libm.a(mulsf3x.o)
 .data          0x00000000        0x0 c:/program files (x86)/atmel/atmel toolchain/avr8 gcc/native/3.4.1061/avr8-gnu-toolchain/bin/../lib/gcc/avr/4.8.1/../../../../avr/lib/avr5\libm.a(mulsf3x.o)
 .bss           0x00000000        0x0 c:/program files (x86)/atmel/atmel toolchain/avr8 gcc/native/3.4.1061/avr8-gnu-toolchain/bin/../lib/gcc/avr/4.8.1/../../../../avr/lib/avr5\libm.a(mulsf3x.o)
 .text          0x00000000        0x0 c:/program files (x86)/atmel/atmel toolchain/avr8 gcc/native/3.4.1061/avr8-gnu-toolchain/bin/../lib/gcc/avr/4.8.1/avr5\libgcc.a(_exit.o)
 .data          0x00000000        0x0 c:/program files (x86)/atmel/atmel toolchain/avr8 gcc/native/3.4.1061/avr8-gnu-toolchain/bin/../lib/gcc/avr/4.8.1/avr5\libgcc.a(_exit.o)
 .bss           0x00000000        0x0 c:/program files (x86)/atmel/atmel toolchain/avr8 gcc/native/3.4.1061/avr8-gnu-toolchain/bin/../lib/gcc/avr/4.8.1/avr5\libgcc.a(_exit.o)
 .text.libgcc.mul
                0x00000000        0x0 c:/program files (x86)/atmel/atmel toolchain/avr8 gcc/native/3.4.1061/avr8-gnu-toolchain/bin/../lib/gcc/avr/4.8.1/avr5\libgcc.a(_exit.o)
 .text.libgcc.div
                0x00000000        0x0 c:/program files (x86)/atmel/atmel toolchain/avr8 gcc/native/3.4.1061/avr8-gnu-toolchain/bin/../lib/gcc/avr/4.8.1/avr5\libgcc.a(_exit.o)
 .text.libgcc   0x00000000        0x0 c:/program files (x86)/atmel/atmel toolchain/avr8 gcc/native/3.4.1061/avr8-gnu-toolchain/bin/../lib/gcc/avr/4.8.1/avr5\libgcc.a(_exit.o)
 .text.libgcc.prologue
                0x00000000        0x0 c:/program files (x86)/atmel/atmel toolchain/avr8 gcc/native/3.4.1061/avr8-gnu-toolchain/bin/../lib/gcc/avr/4.8.1/avr5\libgcc.a(_exit.o)
 .text.libgcc.builtins
                0x00000000        0x0 c:/program files (x86)/atmel/atmel toolchain/avr8 gcc/native/3.4.1061/avr8-gnu-toolchain/bin/../lib/gcc/avr/4.8.1/avr5\libgcc.a(_exit.o)
 .text.libgcc.fmul
                0x00000000        0x0 c:/program files (x86)/atmel/atmel toolchain/avr8 gcc/native/3.4.1061/avr8-gnu-toolchain/bin/../lib/gcc/avr/4.8.1/avr5\libgcc.a(_exit.o)
 .text.libgcc.fixed
                0x00000000        0x0 c:/program files (x86)/atmel/atmel toolchain/avr8 gcc/native/3.4.1061/avr8-gnu-toolchain/bin/../lib/gcc/avr/4.8.1/avr5\libgcc.a(_exit.o)
 .text          0x00000000        0x0 c:/program files (x86)/atmel/atmel toolchain/avr8 gcc/native/3.4.1061/avr8-gnu-toolchain/bin/../lib/gcc/avr/4.8.1/avr5\libgcc.a(_tablejump.o)
 .data          0x00000000        0x0 c:/program files (x86)/atmel/atmel toolchain/avr8 gcc/native/3.4.1061/avr8-gnu-toolchain/bin/../lib/gcc/avr/4.8.1/avr5\libgcc.a(_tablejump.o)
 .bss           0x00000000        0x0 c:/program files (x86)/atmel/atmel toolchain/avr8 gcc/native/3.4.1061/avr8-gnu-toolchain/bin/../lib/gcc/avr/4.8.1/avr5\libgcc.a(_tablejump.o)
 .text.libgcc.mul
                0x00000000        0x0 c:/program files (x86)/atmel/atmel toolchain/avr8 gcc/native/3.4.1061/avr8-gnu-toolchain/bin/../lib/gcc/avr/4.8.1/avr5\libgcc.a(_tablejump.o)
 .text.libgcc.div
                0x00000000        0x0 c:/program files (x86)/atmel/atmel toolchain/avr8 gcc/native/3.4.1061/avr8-gnu-toolchain/bin/../lib/gcc/avr/4.8.1/avr5\libgcc.a(_tablejump.o)
 .text.libgcc   0x00000000        0xc c:/program files (x86)/atmel/atmel toolchain/avr8 gcc/native/3.4.1061/avr8-gnu-toolchain/bin/../lib/gcc/avr/4.8.1/avr5\libgcc.a(_tablejump.o)
 .text.libgcc.prologue
                0x00000000        0x0 c:/program files (x86)/atmel/atmel toolchain/avr8 gcc/native/3.4.1061/avr8-gnu-toolchain/bin/../lib/gcc/avr/4.8.1/avr5\libgcc.a(_tablejump.o)
 .text.libgcc.builtins
                0x00000000        0x0 c:/program files (x86)/atmel/atmel toolchain/avr8 gcc/native/3.4.1061/avr8-gnu-toolchain/bin/../lib/gcc/avr/4.8.1/avr5\libgcc.a(_tablejump.o)
 .text.libgcc.fmul
                0x00000000        0x0 c:/program files (x86)/atmel/atmel toolchain/avr8 gcc/native/3.4.1061/avr8-gnu-toolchain/bin/../lib/gcc/avr/4.8.1/avr5\libgcc.a(_tablejump.o)
 .text.libgcc.fixed
                0x00000000        0x0 c:/program files (x86)/atmel/atmel toolchain/avr8 gcc/native/3.4.1061/avr8-gnu-toolchain/bin/../lib/gcc/avr/4.8.1/avr5\libgcc.a(_tablejump.o)
 .text          0x00000000        0x0 c:/program files (x86)/atmel/atmel toolchain/avr8 gcc/native/3.4.1061/avr8-gnu-toolchain/bin/../lib/gcc/avr/4.8.1/avr5\libgcc.a(_copy_data.o)
 .data          0x00000000        0x0 c:/program files (x86)/atmel/atmel toolchain/avr8 gcc/native/3.4.1061/avr8-gnu-toolchain/bin/../lib/gcc/avr/4.8.1/avr5\libgcc.a(_copy_data.o)
 .bss           0x00000000        0x0 c:/program files (x86)/atmel/atmel toolchain/avr8 gcc/native/3.4.1061/avr8-gnu-toolchain/bin/../lib/gcc/avr/4.8.1/avr5\libgcc.a(_copy_data.o)
 .text.libgcc.mul
                0x00000000        0x0 c:/program files (x86)/atmel/atmel toolchain/avr8 gcc/native/3.4.1061/avr8-gnu-toolchain/bin/../lib/gcc/avr/4.8.1/avr5\libgcc.a(_copy_data.o)
 .text.libgcc.div
                0x00000000        0x0 c:/program files (x86)/atmel/atmel toolchain/avr8 gcc/native/3.4.1061/avr8-gnu-toolchain/bin/../lib/gcc/avr/4.8.1/avr5\libgcc.a(_copy_data.o)
 .text.libgcc   0x00000000        0x0 c:/program files (x86)/atmel/atmel toolchain/avr8 gcc/native/3.4.1061/avr8-gnu-toolchain/bin/../lib/gcc/avr/4.8.1/avr5\libgcc.a(_copy_data.o)
 .text.libgcc.prologue
                0x00000000        0x0 c:/program files (x86)/atmel/atmel toolchain/avr8 gcc/native/3.4.1061/avr8-gnu-toolchain/bin/../lib/gcc/avr/4.8.1/avr5\libgcc.a(_copy_data.o)
 .text.libgcc.builtins
                0x00000000        0x0 c:/program files (x86)/atmel/atmel toolchain/avr8 gcc/native/3.4.1061/avr8-gnu-toolchain/bin/../lib/gcc/avr/4.8.1/avr5\libgcc.a(_copy_data.o)
 .text.libgcc.fmul
                0x00000000        0x0 c:/program files (x86)/atmel/atmel toolchain/avr8 gcc/native/3.4.1061/avr8-gnu-toolchain/bin/../lib/gcc/avr/4.8.1/avr5\libgcc.a(_copy_data.o)
 .text.libgcc.fixed
                0x00000000        0x0 c:/program files (x86)/atmel/atmel toolchain/avr8 gcc/native/3.4.1061/avr8-gnu-toolchain/bin/../lib/gcc/avr/4.8.1/avr5\libgcc.a(_copy_data.o)
 .text          0x00000000        0x0 c:/program files (x86)/atmel/atmel toolchain/avr8 gcc/native/3.4.1061/avr8-gnu-toolchain/bin/../lib/gcc/avr/4.8.1/avr5\libgcc.a(_clear_bss.o)
 .data          0x00000000        0x0 c:/program files (x86)/atmel/atmel toolchain/avr8 gcc/native/3.4.1061/avr8-gnu-toolchain/bin/../lib/gcc/avr/4.8.1/avr5\libgcc.a(_clear_bss.o)
 .bss           0x00000000        0x0 c:/program files (x86)/atmel/atmel toolchain/avr8 gcc/native/3.4.1061/avr8-gnu-toolchain/bin/../lib/gcc/avr/4.8.1/avr5\libgcc.a(_clear_bss.o)
 .text.libgcc.mul
                0x00000000        0x0 c:/program files (x86)/atmel/atmel toolchain/avr8 gcc/native/3.4.1061/avr8-gnu-toolchain/bin/../lib/gcc/avr/4.8.1/avr5\libgcc.a(_clear_bss.o)
 .text.libgcc.div
                0x00000000        0x0 c:/program files (x86)/atmel/atmel toolchain/avr8 gcc/native/3.4.1061/avr8-gnu-toolchain/bin/../lib/gcc/avr/4.8.1/avr5\libgcc.a(_clear_bss.o)
 .text.libgcc   0x00000000        0x0 c:/program files (x86)/atmel/atmel toolchain/avr8 gcc/native/3.4.1061/avr8-gnu-toolchain/bin/../lib/gcc/avr/4.8.1/avr5\libgcc.a(_clear_bss.o)
 .text.libgcc.prologue
                0x00000000        0x0 c:/program files (x86)/atmel/atmel toolchain/avr8 gcc/native/3.4.1061/avr8-gnu-toolchain/bin/../lib/gcc/avr/4.8.1/avr5\libgcc.a(_clear_bss.o)
 .text.libgcc.builtins
                0x00000000        0x0 c:/program files (x86)/atmel/atmel toolchain/avr8 gcc/native/3.4.1061/avr8-gnu-toolchain/bin/../lib/gcc/avr/4.8.1/avr5\libgcc.a(_clear_bss.o)
 .text.libgcc.fmul
                0x00000000        0x0 c:/program files (x86)/atmel/atmel toolchain/avr8 gcc/native/3.4.1061/avr8-gnu-toolchain/bin/../lib/gcc/avr/4.8.1/avr5\libgcc.a(_clear_bss.o)
 .text.libgcc.fixed
                0x00000000        0x0 c:/program files (x86)/atmel/atmel toolchain/avr8 gcc/native/3.4.1061/avr8-gnu-toolchain/bin/../lib/gcc/avr/4.8.1/avr5\libgcc.a(_clear_bss.o)

Memory Configuration

Name             Origin             Length             Attributes
text             0x00000000         0x00020000         xr
data             0x00800060         0x0000ffa0         rw !x
eeprom           0x00810000         0x00010000         rw !x
fuse             0x00820000         0x00000400         rw !x
lock             0x00830000         0x00000400         rw !x
signature        0x00840000         0x00000400         rw !x
user_signatures  0x00850000         0x00000400         rw !x
*default*        0x00000000         0xffffffff

Linker script and memory map

LOAD c:/program files (x86)/atmel/atmel toolchain/avr8 gcc/native/3.4.1061/avr8-gnu-toolchain/bin/../lib/gcc/avr/4.8.1/../../../../avr/lib/avr5/crtm32.o
LOAD APP/APP_1.o
LOAD APP/AVR_1.o
LOAD HAL/Buttons/Push Button.o
LOAD HAL/Keypad/Keypad.o
LOAD HAL/LCD/LCD.o
LOAD HAL/LED/LED.o
LOAD MCAL/DIO/GPIO.o
LOAD MCAL/Interrupts/Interrupt.o
LOAD MCAL/Timers/Timer0.o
LOAD MCAL/USART/USART_File.o
START GROUP
LOAD c:/program files (x86)/atmel/atmel toolchain/avr8 gcc/native/3.4.1061/avr8-gnu-toolchain/bin/../lib/gcc/avr/4.8.1/../../../../avr/lib/avr5\libm.a
END GROUP
START GROUP
LOAD c:/program files (x86)/atmel/atmel toolchain/avr8 gcc/native/3.4.1061/avr8-gnu-toolchain/bin/../lib/gcc/avr/4.8.1/avr5\libgcc.a
LOAD c:/program files (x86)/atmel/atmel toolchain/avr8 gcc/native/3.4.1061/avr8-gnu-toolchain/bin/../lib/gcc/avr/4.8.1/../../../../avr/lib/avr5\libm.a
LOAD c:/program files (x86)/atmel/atmel toolchain/avr8 gcc/native/3.4.1061/avr8-gnu-toolchain/bin/../lib/gcc/avr/4.8.1/../../../../avr/lib/avr5\libc.a
END GROUP

.hash
 *(.hash)

.dynsym
 *(.dynsym)

.dynstr
 *(.dynstr)

.gnu.version
 *(.gnu.version)

.gnu.version_d
 *(.gnu.version_d)

.gnu.version_r
 *(.gnu.version_r)

.rel.init
 *(.rel.init)

.rela.init
 *(.rela.init)

.rel.text
 *(.rel.text)
 *(.rel.text.*)
 *(.rel.gnu.linkonce.t*)

.rela.text
 *(.rela.text)
 *(.rela.text.*)
 *(.rela.gnu.linkonce.t*)

.rel.fini
 *(.rel.fini)

.rela.fini
 *(.rela.fini)

.rel.rodata
 *(.rel.rodata)
 *(.rel.rodata.*)
 *(.rel.gnu.linkonce.r*)

.rela.rodata
 *(.rela.rodata)
 *(.rela.rodata.*)
 *(.rela.gnu.linkonce.r*)

.rel.data
 *(.rel.data)
 *(.rel.data.*)
 *(.rel.gnu.linkonce.d*)

.rela.data
 *(.rela.data)
 *(.rela.data.*)
 *(.rela.gnu.linkonce.d*)

.rel.ctors
 *(.rel.ctors)

.rela.ctors
 *(.rela.ctors)

.rel.dtors
 *(.rel.dtors)

.rela.dtors
 *(.rela.dtors)

.rel.got
 *(.rel.got)

.rela.got
 *(.rela.got)

.rel.bss
 *(.rel.bss)

.rela.bss
 *(.rela.bss)

.rel.plt
 *(.rel.plt)

.rela.plt
 *(.rela.plt)

.text           0x00000000      0xdce
 *(.vectors)
 .vectors       0x00000000       0x54 c:/program files (x86)/atmel/atmel toolchain/avr8 gcc/native/3.4.1061/avr8-gnu-toolchain/bin/../lib/gcc/avr/4.8.1/../../../../avr/lib/avr5/crtm32.o
                0x00000000                __vector_default
                0x00000000                __vectors
 *(.vectors)
 *(.progmem.gcc*)
                0x00000054                . = ALIGN (0x2)
                0x00000054                __trampolines_start = .
 *(.trampolines)
 .trampolines   0x00000054        0x0 linker stubs
 *(.trampolines*)
                0x00000054                __trampolines_end = .
 *(.progmem*)
                0x00000054                . = ALIGN (0x2)
 *(.jumptables)
 *(.jumptables*)
 *(.lowtext)
 *(.lowtext*)
                0x00000054                __ctors_start = .
 *(.ctors)
                0x00000054                __ctors_end = .
                0x00000054                __dtors_start = .
 *(.dtors)
                0x00000054                __dtors_end = .
 SORT(*)(.ctors)
 SORT(*)(.dtors)
 *(.init0)
 .init0         0x00000054        0x0 c:/program files (x86)/atmel/atmel toolchain/avr8 gcc/native/3.4.1061/avr8-gnu-toolchain/bin/../lib/gcc/avr/4.8.1/../../../../avr/lib/avr5/crtm32.o
                0x00000054                __init
 *(.init0)
 *(.init1)
 *(.init1)
 *(.init2)
 .init2         0x00000054        0xc c:/program files (x86)/atmel/atmel toolchain/avr8 gcc/native/3.4.1061/avr8-gnu-toolchain/bin/../lib/gcc/avr/4.8.1/../../../../avr/lib/avr5/crtm32.o
 *(.init2)
 *(.init3)
 *(.init3)
 *(.init4)
 .init4         0x00000060       0x16 c:/program files (x86)/atmel/atmel toolchain/avr8 gcc/native/3.4.1061/avr8-gnu-toolchain/bin/../lib/gcc/avr/4.8.1/avr5\libgcc.a(_copy_data.o)
                0x00000060                __do_copy_data
 .init4         0x00000076       0x10 c:/program files (x86)/atmel/atmel toolchain/avr8 gcc/native/3.4.1061/avr8-gnu-toolchain/bin/../lib/gcc/avr/4.8.1/avr5\libgcc.a(_clear_bss.o)
                0x00000076                __do_clear_bss
 *(.init4)
 *(.init5)
 *(.init5)
 *(.init6)
 *(.init6)
 *(.init7)
 *(.init7)
 *(.init8)
 *(.init8)
 *(.init9)
 .init9         0x00000086        0x8 c:/program files (x86)/atmel/atmel toolchain/avr8 gcc/native/3.4.1061/avr8-gnu-toolchain/bin/../lib/gcc/avr/4.8.1/../../../../avr/lib/avr5/crtm32.o
 *(.init9)
 *(.text)
 .text          0x0000008e        0x4 c:/program files (x86)/atmel/atmel toolchain/avr8 gcc/native/3.4.1061/avr8-gnu-toolchain/bin/../lib/gcc/avr/4.8.1/../../../../avr/lib/avr5/crtm32.o
                0x0000008e                __vector_12
                0x0000008e                __bad_interrupt
                0x0000008e                __vector_6
                0x0000008e                __vector_17
                0x0000008e                __vector_19
                0x0000008e                __vector_7
                0x0000008e                __vector_9
                0x0000008e                __vector_8
                0x0000008e                __vector_18
                0x0000008e                __vector_20
                0x00000092                . = ALIGN (0x2)
 *(.text.*)
 .text.APP1_Init
                0x00000092       0x88 APP/APP_1.o
                0x00000092                APP1_Init
 .text.APP1_System
                0x0000011a       0xee APP/APP_1.o
                0x0000011a                APP1_System
 .text.main     0x00000208        0xa APP/AVR_1.o
                0x00000208                main
 .text.keypad_Init
                0x00000212       0x94 HAL/Keypad/Keypad.o
                0x00000212                keypad_Init
 .text.keypad_Read
                0x000002a6       0xe8 HAL/Keypad/Keypad.o
                0x000002a6                keypad_Read
 .text.GPIO_Pin_Configuration
                0x0000038e       0x7a MCAL/DIO/GPIO.o
                0x0000038e                GPIO_Pin_Configuration
 .text.GPIO_Pin_Write
                0x00000408       0x46 MCAL/DIO/GPIO.o
                0x00000408                GPIO_Pin_Write
 .text.GPIO_Pin_Read
                0x0000044e       0x26 MCAL/DIO/GPIO.o
                0x0000044e                GPIO_Pin_Read
 .text.__vector_1
                0x00000474       0x52 MCAL/Interrupts/Interrupt.o
                0x00000474                __vector_1
 .text.__vector_2
                0x000004c6        0xe MCAL/Interrupts/Interrupt.o
                0x000004c6                __vector_2
 .text.__vector_3
                0x000004d4       0x52 MCAL/Interrupts/Interrupt.o
                0x000004d4                __vector_3
 .text.__vector_16
                0x00000526       0x52 MCAL/Interrupts/Interrupt.o
                0x00000526                __vector_16
 .text.__vector_10
                0x00000578       0x52 MCAL/Timers/Timer0.o
                0x00000578                __vector_10
 .text.__vector_11
                0x000005ca       0x52 MCAL/Timers/Timer0.o
                0x000005ca                __vector_11
 .text.__vector_5
                0x0000061c       0x52 MCAL/Timers/Timer0.o
                0x0000061c                __vector_5
 .text.__vector_4
                0x0000066e       0x52 MCAL/Timers/Timer0.o
                0x0000066e                __vector_4
 .text.__vector_13
                0x000006c0       0x52 MCAL/USART/USART_File.o
                0x000006c0                __vector_13
 .text.__vector_15
                0x00000712       0x52 MCAL/USART/USART_File.o
                0x00000712                __vector_15
 .text.__vector_14
                0x00000764       0x52 MCAL/USART/USART_File.o
                0x00000764                __vector_14
 .text.USART_Init
                0x000007b6      0x1ee MCAL/USART/USART_File.o
                0x000007b6                USART_Init
 .text.USART_Send_ByteOfData_Blocking
                0x000009a4       0x20 MCAL/USART/USART_File.o
                0x000009a4                USART_Send_ByteOfData_Blocking
 .text.USART_Send_String
                0x000009c4       0x32 MCAL/USART/USART_File.o
                0x000009c4                USART_Send_String
 .text.avr-libc.fplib
                0x000009f6        0xa c:/program files (x86)/atmel/atmel toolchain/avr8 gcc/native/3.4.1061/avr8-gnu-toolchain/bin/../lib/gcc/avr/4.8.1/../../../../avr/lib/avr5\libm.a(addsf3.o)
                0x000009f6                __subsf3
                0x000009f8                __addsf3
 .text.avr-libc.fplib
                0x00000a00       0xc0 c:/program files (x86)/atmel/atmel toolchain/avr8 gcc/native/3.4.1061/avr8-gnu-toolchain/bin/../lib/gcc/avr/4.8.1/../../../../avr/lib/avr5\libm.a(addsf3x.o)
                0x00000a1a                __addsf3x
 .text.avr-libc.fplib
                0x00000ac0        0x4 c:/program files (x86)/atmel/atmel toolchain/avr8 gcc/native/3.4.1061/avr8-gnu-toolchain/bin/../lib/gcc/avr/4.8.1/../../../../avr/lib/avr5\libm.a(divsf3.o)
                0x00000ac0                __divsf3
 .text.avr-libc.fplib
                0x00000ac4       0xcc c:/program files (x86)/atmel/atmel toolchain/avr8 gcc/native/3.4.1061/avr8-gnu-toolchain/bin/../lib/gcc/avr/4.8.1/../../../../avr/lib/avr5\libm.a(divsf3x.o)
                0x00000ada                __divsf3x
                0x00000ade                __divsf3_pse
 .text.avr-libc.fplib
                0x00000b90       0x58 c:/program files (x86)/atmel/atmel toolchain/avr8 gcc/native/3.4.1061/avr8-gnu-toolchain/bin/../lib/gcc/avr/4.8.1/../../../../avr/lib/avr5\libm.a(fixunssfsi.o)
                0x00000b90                __fixunssfsi
 .text.avr-libc.fplib
                0x00000be8       0x7a c:/program files (x86)/atmel/atmel toolchain/avr8 gcc/native/3.4.1061/avr8-gnu-toolchain/bin/../lib/gcc/avr/4.8.1/../../../../avr/lib/avr5\libm.a(floatsisf.o)
                0x00000be8                __floatunsisf
                0x00000bec                __floatsisf
 .text.avr-libc.fplib
                0x00000c62        0xc c:/program files (x86)/atmel/atmel toolchain/avr8 gcc/native/3.4.1061/avr8-gnu-toolchain/bin/../lib/gcc/avr/4.8.1/../../../../avr/lib/avr5\libm.a(fp_inf.o)
                0x00000c62                __fp_inf
 .text.avr-libc.fplib
                0x00000c6e        0x6 c:/program files (x86)/atmel/atmel toolchain/avr8 gcc/native/3.4.1061/avr8-gnu-toolchain/bin/../lib/gcc/avr/4.8.1/../../../../avr/lib/avr5\libm.a(fp_nan.o)
                0x00000c6e                __fp_nan
 .text.avr-libc.fplib
                0x00000c74        0xe c:/program files (x86)/atmel/atmel toolchain/avr8 gcc/native/3.4.1061/avr8-gnu-toolchain/bin/../lib/gcc/avr/4.8.1/../../../../avr/lib/avr5\libm.a(fp_pscA.o)
                0x00000c74                __fp_pscA
 .text.avr-libc.fplib
                0x00000c82        0xe c:/program files (x86)/atmel/atmel toolchain/avr8 gcc/native/3.4.1061/avr8-gnu-toolchain/bin/../lib/gcc/avr/4.8.1/../../../../avr/lib/avr5\libm.a(fp_pscB.o)
                0x00000c82                __fp_pscB
 .text.avr-libc.fplib
                0x00000c90       0x22 c:/program files (x86)/atmel/atmel toolchain/avr8 gcc/native/3.4.1061/avr8-gnu-toolchain/bin/../lib/gcc/avr/4.8.1/../../../../avr/lib/avr5\libm.a(fp_round.o)
                0x00000c90                __fp_round
 .text.avr-libc.fplib
                0x00000cb2       0x44 c:/program files (x86)/atmel/atmel toolchain/avr8 gcc/native/3.4.1061/avr8-gnu-toolchain/bin/../lib/gcc/avr/4.8.1/../../../../avr/lib/avr5\libm.a(fp_split3.o)
                0x00000cb2                __fp_split3
                0x00000cc2                __fp_splitA
 .text.avr-libc.fplib
                0x00000cf6        0xe c:/program files (x86)/atmel/atmel toolchain/avr8 gcc/native/3.4.1061/avr8-gnu-toolchain/bin/../lib/gcc/avr/4.8.1/../../../../avr/lib/avr5\libm.a(fp_zero.o)
                0x00000cf6                __fp_zero
                0x00000cf8                __fp_szero
 .text.avr-libc.fplib
                0x00000d04        0x4 c:/program files (x86)/atmel/atmel toolchain/avr8 gcc/native/3.4.1061/avr8-gnu-toolchain/bin/../lib/gcc/avr/4.8.1/../../../../avr/lib/avr5\libm.a(mulsf3.o)
                0x00000d04                __mulsf3
 .text.avr-libc.fplib
                0x00000d08       0xc2 c:/program files (x86)/atmel/atmel toolchain/avr8 gcc/native/3.4.1061/avr8-gnu-toolchain/bin/../lib/gcc/avr/4.8.1/../../../../avr/lib/avr5\libm.a(mulsf3x.o)
                0x00000d1c                __mulsf3x
                0x00000d20                __mulsf3_pse
                0x00000dca                . = ALIGN (0x2)
 *(.fini9)
 .fini9         0x00000dca        0x0 c:/program files (x86)/atmel/atmel toolchain/avr8 gcc/native/3.4.1061/avr8-gnu-toolchain/bin/../lib/gcc/avr/4.8.1/avr5\libgcc.a(_exit.o)
                0x00000dca                _exit
                0x00000dca                exit
 *(.fini9)
 *(.fini8)
 *(.fini8)
 *(.fini7)
 *(.fini7)
 *(.fini6)
 *(.fini6)
 *(.fini5)
 *(.fini5)
 *(.fini4)
 *(.fini4)
 *(.fini3)
 *(.fini3)
 *(.fini2)
 *(.fini2)
 *(.fini1)
 *(.fini1)
 *(.fini0)
 .fini0         0x00000dca        0x4 c:/program files (x86)/atmel/atmel toolchain/avr8 gcc/native/3.4.1061/avr8-gnu-toolchain/bin/../lib/gcc/avr/4.8.1/avr5\libgcc.a(_exit.o)
 *(.fini0)
                0x00000dce                _etext = .

.data           0x00800060       0x22 load address 0x00000dce
                0x00800060                PROVIDE (__data_start, .)
 *(.data)
 *(.data*)
 .data.keypad_app
                0x00800060        0xa APP/APP_1.o
                0x00800060                keypad_app
 *(.rodata)
 .rodata        0x0080006a       0x10 HAL/Keypad/Keypad.o
 *(.rodata*)
 .rodata.str1.1
                0x0080007a        0x8 APP/APP_1.o
 *(.gnu.linkonce.d*)
                0x00800082                . = ALIGN (0x2)
                0x00800082                _edata = .
                0x00800082                PROVIDE (__data_end, .)

.bss            0x00800082       0x23
                0x00800082                PROVIDE (__bss_start, .)
 *(.bss)
 *(.bss*)
 .bss.ADC_INT_ISR
                0x00800082        0x2 MCAL/Interrupts/Interrupt.o
                0x00800082                ADC_INT_ISR
 .bss.EXT_INT2_ISR
                0x00800084        0x2 MCAL/Interrupts/Interrupt.o
                0x00800084                EXT_INT2_ISR
 .bss.EXT_INT1_ISR
                0x00800086        0x2 MCAL/Interrupts/Interrupt.o
                0x00800086                EXT_INT1_ISR
 .bss.EXT_INT0_ISR
                0x00800088        0x2 MCAL/Interrupts/Interrupt.o
                0x00800088                EXT_INT0_ISR
 .bss.CP_TIMER2_CompareMatch_User_ptr
                0x0080008a        0x2 MCAL/Timers/Timer0.o
 .bss.CP_TIMER2_Overflow_User_ptr
                0x0080008c        0x2 MCAL/Timers/Timer0.o
 .bss.CP_TIMER0_CompareMatch_User_ptr
                0x0080008e        0x2 MCAL/Timers/Timer0.o
 .bss.CP_TIMER0_Overflow_User_ptr
                0x00800090        0x2 MCAL/Timers/Timer0.o
 .bss.CP_USART_UDRE_User_ptr
                0x00800092        0x2 MCAL/USART/USART_File.o
 .bss.CP_USART_TXC_Complete_User_ptr
                0x00800094        0x2 MCAL/USART/USART_File.o
 .bss.CP_USART_RXC_Complete_User_ptr
                0x00800096        0x2 MCAL/USART/USART_File.o
 *(COMMON)
 COMMON         0x00800098        0x1 APP/APP_1.o
                0x00800098                keypad_Read_Value
 COMMON         0x00800099        0xc MCAL/USART/USART_File.o
                0x00800099                USART0
                0x008000a5                PROVIDE (__bss_end, .)
                0x00000dce                __data_load_start = LOADADDR (.data)
                0x00000df0                __data_load_end = (__data_load_start + SIZEOF (.data))

.noinit         0x008000a5        0x0
                0x008000a5                PROVIDE (__noinit_start, .)
 *(.noinit*)
                0x008000a5                PROVIDE (__noinit_end, .)
                0x008000a5                _end = .
                0x008000a5                PROVIDE (__heap_start, .)

.eeprom         0x00810000        0x0
 *(.eeprom*)
                0x00810000                __eeprom_end = .

.fuse
 *(.fuse)
 *(.lfuse)
 *(.hfuse)
 *(.efuse)

.lock
 *(.lock*)

.signature
 *(.signature*)

.user_signatures
 *(.user_signatures*)

.stab
 *(.stab)

.stabstr
 *(.stabstr)

.stab.excl
 *(.stab.excl)

.stab.exclstr
 *(.stab.exclstr)

.stab.index
 *(.stab.index)

.stab.indexstr
 *(.stab.indexstr)

.comment        0x00000000       0x30
 *(.comment)
 .comment       0x00000000       0x30 APP/APP_1.o
                                 0x31 (size before relaxing)
 .comment       0x00000000       0x31 APP/AVR_1.o
 .comment       0x00000000       0x31 HAL/Keypad/Keypad.o
 .comment       0x00000000       0x31 MCAL/DIO/GPIO.o
 .comment       0x00000000       0x31 MCAL/Interrupts/Interrupt.o
 .comment       0x00000000       0x31 MCAL/Timers/Timer0.o
 .comment       0x00000000       0x31 MCAL/USART/USART_File.o

.note.gnu.build-id
 *(.note.gnu.build-id)

.debug
 *(.debug)

.line
 *(.line)

.debug_srcinfo
 *(.debug_srcinfo)

.debug_sfnames
 *(.debug_sfnames)

.debug_aranges  0x00000000      0x200
 *(.debug_aranges)
 .debug_aranges
                0x00000000       0x28 APP/APP_1.o
 .debug_aranges
                0x00000028       0x20 APP/AVR_1.o
 .debug_aranges
                0x00000048       0x28 HAL/Keypad/Keypad.o
 .debug_aranges
                0x00000070       0x68 MCAL/DIO/GPIO.o
 .debug_aranges
                0x000000d8       0x40 MCAL/Interrupts/Interrupt.o
 .debug_aranges
                0x00000118       0x68 MCAL/Timers/Timer0.o
 .debug_aranges
                0x00000180       0x80 MCAL/USART/USART_File.o

.debug_pubnames
 *(.debug_pubnames)

.debug_info     0x00000000     0x1d22
 *(.debug_info .gnu.linkonce.wi.*)
 .debug_info    0x00000000      0x6aa APP/APP_1.o
 .debug_info    0x000006aa       0x7c APP/AVR_1.o
 .debug_info    0x00000726      0x50a HAL/Keypad/Keypad.o
 .debug_info    0x00000c30      0x3f1 MCAL/DIO/GPIO.o
 .debug_info    0x00001021      0x1b3 MCAL/Interrupts/Interrupt.o
 .debug_info    0x000011d4      0x587 MCAL/Timers/Timer0.o
 .debug_info    0x0000175b      0x5c7 MCAL/USART/USART_File.o

.debug_abbrev   0x00000000      0x8ef
 *(.debug_abbrev)
 .debug_abbrev  0x00000000      0x1c8 APP/APP_1.o
 .debug_abbrev  0x000001c8       0x6d APP/AVR_1.o
 .debug_abbrev  0x00000235      0x168 HAL/Keypad/Keypad.o
 .debug_abbrev  0x0000039d       0xf4 MCAL/DIO/GPIO.o
 .debug_abbrev  0x00000491       0xcd MCAL/Interrupts/Interrupt.o
 .debug_abbrev  0x0000055e      0x19e MCAL/Timers/Timer0.o
 .debug_abbrev  0x000006fc      0x1f3 MCAL/USART/USART_File.o

.debug_line     0x00000000      0x9ab
 *(.debug_line .debug_line.* .debug_line_end)
 .debug_line    0x00000000      0x213 APP/APP_1.o
 .debug_line    0x00000213       0x4c APP/AVR_1.o
 .debug_line    0x0000025f       0xc5 HAL/Keypad/Keypad.o
 .debug_line    0x00000324      0x131 MCAL/DIO/GPIO.o
 .debug_line    0x00000455       0xdc MCAL/Interrupts/Interrupt.o
 .debug_line    0x00000531      0x1be MCAL/Timers/Timer0.o
 .debug_line    0x000006ef      0x2bc MCAL/USART/USART_File.o

.debug_frame    0x00000000      0x6bc
 *(.debug_frame)
 .debug_frame   0x00000000       0x4c APP/APP_1.o
 .debug_frame   0x0000004c       0x24 APP/AVR_1.o
 .debug_frame   0x00000070       0x80 HAL/Keypad/Keypad.o
 .debug_frame   0x000000f0       0xb4 MCAL/DIO/GPIO.o
 .debug_frame   0x000001a4      0x13c MCAL/Interrupts/Interrupt.o
 .debug_frame   0x000002e0      0x204 MCAL/Timers/Timer0.o
 .debug_frame   0x000004e4      0x1d8 MCAL/USART/USART_File.o

.debug_str      0x00000000      0xf71
 *(.debug_str)
 .debug_str     0x00000000      0x6a1 APP/APP_1.o
                                0x739 (size before relaxing)
 .debug_str     0x000006a1       0x14 APP/AVR_1.o
                                0x128 (size before relaxing)
 .debug_str     0x000006b5       0xb4 HAL/Keypad/Keypad.o
                                0x318 (size before relaxing)
 .debug_str     0x00000769      0x156 MCAL/DIO/GPIO.o
                                0x3b5 (size before relaxing)
 .debug_str     0x000008bf      0x121 MCAL/Interrupts/Interrupt.o
                                0x2bb (size before relaxing)
 .debug_str     0x000009e0      0x3df MCAL/Timers/Timer0.o
                                0x68c (size before relaxing)
 .debug_str     0x00000dbf      0x1b2 MCAL/USART/USART_File.o
                                0x83c (size before relaxing)

.debug_loc      0x00000000     0x1982
 *(.debug_loc)
 .debug_loc     0x00000000      0x136 APP/APP_1.o
 .debug_loc     0x00000136      0x1e9 HAL/Keypad/Keypad.o
 .debug_loc     0x0000031f      0x292 MCAL/DIO/GPIO.o
 .debug_loc     0x000005b1      0x363 MCAL/Interrupts/Interrupt.o
 .debug_loc     0x00000914      0x9da MCAL/Timers/Timer0.o
 .debug_loc     0x000012ee      0x694 MCAL/USART/USART_File.o

.debug_macinfo
 *(.debug_macinfo)

.debug_weaknames
 *(.debug_weaknames)

.debug_funcnames
 *(.debug_funcnames)

.debug_typenames
 *(.debug_typenames)

.debug_varnames
 *(.debug_varnames)

.debug_pubtypes
 *(.debug_pubtypes)

.debug_ranges   0x00000000      0x190
 *(.debug_ranges)
 .debug_ranges  0x00000000       0x18 APP/APP_1.o
 .debug_ranges  0x00000018       0x10 APP/AVR_1.o
 .debug_ranges  0x00000028       0x18 HAL/Keypad/Keypad.o
 .debug_ranges  0x00000040       0x58 MCAL/DIO/GPIO.o
 .debug_ranges  0x00000098       0x30 MCAL/Interrupts/Interrupt.o
 .debug_ranges  0x000000c8       0x58 MCAL/Timers/Timer0.o
 .debug_ranges  0x00000120       0x70 MCAL/USART/USART_File.o

.debug_macro
 *(.debug_macro)
OUTPUT(AVR_1.elf elf32-avr)
LOAD linker stubs
